// Jest Snapshot v1, https://goo.gl/fbAQLP

exports[`favoritesCard should take a snapshot 1`] = `
<DocumentFragment>
  <button
    class="MuiButtonBase-root MuiCardActionArea-root"
    data-testid="favorites-card"
    tabindex="0"
    type="button"
  >
    <div
      class="FavoritesCard__CardWrapper-c2cqy1-1 kiAwkt"
    >
      <div
        class="FavoritesCard__ImageWrapper-c2cqy1-2 dxvjma"
      >
        <div
          style="display: block; overflow: hidden; position: absolute; top: 0px; left: 0px; bottom: 0px; right: 0px; box-sizing: border-box; margin: 0px;"
        >
          <img
            alt="test"
            decoding="async"
            src="data:image/gif;base64,R0lGODlhAQABAIAAAAAAAP///yH5BAEAAAAALAAAAAABAAEAAAIBRAA7"
            style="visibility: hidden; position: absolute; top: 0px; left: 0px; bottom: 0px; right: 0px; box-sizing: border-box; padding: 0px; margin: auto; display: block; width: 0px; height: 0px; min-width: 100%; max-width: 100%; min-height: 100%; max-height: 100%;"
          />
        </div>
      </div>
      <p
        class="MuiTypography-root FavoritesCard__StyledTypography-c2cqy1-0 eyHgLP MuiTypography-body1"
      >
        test
      </p>
    </div>
    <span
      class="MuiCardActionArea-focusHighlight"
    />
    <span
      class="MuiTouchRipple-root"
    />
  </button>
</DocumentFragment>
`;
